// Jest Snapshot v1, https://goo.gl/fbAQLP

exports[`Test App App 1`] = `
<div
  className="router"
>
  Router
</div>
`;
